20:19:52 **** Incremental Build of configuration Debug for project Lab05.2.1 ****
make -j12 all 
arm-none-eabi-gcc "../Core/Src/main.c" -mcpu=cortex-m4 -std=gnu11 -g3 -DDEBUG -DUSE_HAL_DRIVER -DSTM32F429xx -c -I../Core/Inc -I../Drivers/STM32F4xx_HAL_Driver/Inc -I../Drivers/STM32F4xx_HAL_Driver/Inc/Legacy -I../Drivers/CMSIS/Device/ST/STM32F4xx/Include -I../Drivers/CMSIS/Include -O0 -ffunction-sections -fdata-sections -Wall -fstack-usage -MMD -MP -MF"Core/Src/main.d" -MT"Core/Src/main.o" --specs=nano.specs -mfpu=fpv4-sp-d16 -mfloat-abi=hard -mthumb -o "Core/Src/main.o"
../Core/Src/main.c: In function 'display_out':
../Core/Src/main.c:68:23: warning: format '%X' expects argument of type 'unsigned int', but argument 3 has type 'uint32_t' {aka 'long unsigned int'} [-Wformat=]
   68 |  sprintf(output,"0x%08X ",x[0]);
      |                    ~~~^   ~~~~
      |                       |    |
      |                       |    uint32_t {aka long unsigned int}
      |                       unsigned int
      |                    %08lX
../Core/Src/main.c: In function 'HAL_ADC_ConvHalfCpltCallback':
../Core/Src/main.c:225:14: warning: passing argument 1 of 'display_out' discards 'volatile' qualifier from pointer target type [-Wdiscarded-qualifiers]
  225 |  display_out(raw_adc_buffer);
      |              ^~~~~~~~~~~~~~
../Core/Src/main.c:65:27: note: expected 'uint32_t *' {aka 'long unsigned int *'} but argument is of type 'volatile uint32_t *' {aka 'volatile long unsigned int *'}
   65 | void display_out(uint32_t x[]){
      |                  ~~~~~~~~~^~~
arm-none-eabi-gcc -o "Lab05.2.1.elf" @"objects.list"   -mcpu=cortex-m4 -T"C:\Users\179\Desktop\Repository\MICROCONTROLLER-APPLICATION-AND-DEVELOPMENT-2021\Lab\Lab05.2.1\STM32F429ZITX_FLASH.ld" --specs=nosys.specs -Wl,-Map="Lab05.2.1.map" -Wl,--gc-sections -static --specs=nano.specs -mfpu=fpv4-sp-d16 -mfloat-abi=hard -mthumb -u _printf_float -Wl,--start-group -lc -lm -Wl,--end-group
Finished building target: Lab05.2.1.elf
 
arm-none-eabi-size   Lab05.2.1.elf 
arm-none-eabi-objdump -h -S  Lab05.2.1.elf  > "Lab05.2.1.list"
arm-none-eabi-objcopy  -O binary  Lab05.2.1.elf  "Lab05.2.1.bin"
   text	   data	    bss	    dec	    hex	filename
  30196	    484	   1932	  32612	   7f64	Lab05.2.1.elf
Finished building: default.size.stdout
 
Finished building: Lab05.2.1.bin
 
Finished building: Lab05.2.1.list
 

20:19:53 Build Finished. 0 errors, 2 warnings. (took 1s.52ms)

