16:44:35 **** Incremental Build of configuration Debug for project Lab03 ****
make -j12 all 
arm-none-eabi-gcc "../Core/Src/main.c" -mcpu=cortex-m4 -std=gnu11 -g3 -DDEBUG -DUSE_HAL_DRIVER -DSTM32F429xx -c -I../Core/Inc -I../Drivers/STM32F4xx_HAL_Driver/Inc -I../Drivers/STM32F4xx_HAL_Driver/Inc/Legacy -I../Drivers/CMSIS/Device/ST/STM32F4xx/Include -I../Drivers/CMSIS/Include -O0 -ffunction-sections -fdata-sections -Wall -fstack-usage -MMD -MP -MF"Core/Src/main.d" -MT"Core/Src/main.o" --specs=nano.specs -mfpu=fpv4-sp-d16 -mfloat-abi=hard -mthumb -o "Core/Src/main.o"
arm-none-eabi-gcc -o "Lab03.elf" @"objects.list"   -mcpu=cortex-m4 -T"C:\Users\179\Desktop\Repository\MICROCONTROLLER-APPLICATION-AND-DEVELOPMENT-2021\Lab\Lab03\STM32F429ZITX_FLASH.ld" --specs=nosys.specs -Wl,-Map="Lab03.map" -Wl,--gc-sections -static --specs=nano.specs -mfpu=fpv4-sp-d16 -mfloat-abi=hard -mthumb -Wl,--start-group -lc -lm -Wl,--end-group
Finished building target: Lab03.elf
 
arm-none-eabi-size   Lab03.elf 
arm-none-eabi-objdump -h -S  Lab03.elf  > "Lab03.list"
arm-none-eabi-objcopy  -O binary  Lab03.elf  "Lab03.bin"
   text	   data	    bss	    dec	    hex	filename
   8208	     36	   1636	   9880	   2698	Lab03.elf
Finished building: default.size.stdout
 
Finished building: Lab03.bin
 
Finished building: Lab03.list
 

16:44:36 Build Finished. 0 errors, 0 warnings. (took 748ms)

