01:43:37 **** Incremental Build of configuration Debug for project Lab7 ****
make -j12 all 
arm-none-eabi-gcc "../Core/Src/main.c" -mcpu=cortex-m4 -std=gnu11 -g3 -DDEBUG -DUSE_HAL_DRIVER -DSTM32F429xx -c -I../Core/Inc -I../Drivers/STM32F4xx_HAL_Driver/Inc -I../Drivers/STM32F4xx_HAL_Driver/Inc/Legacy -I../Drivers/CMSIS/Device/ST/STM32F4xx/Include -I../Drivers/CMSIS/Include -O0 -ffunction-sections -fdata-sections -Wall -fstack-usage -MMD -MP -MF"Core/Src/main.d" -MT"Core/Src/main.o" --specs=nano.specs -mfpu=fpv4-sp-d16 -mfloat-abi=hard -mthumb -o "Core/Src/main.o"
arm-none-eabi-gcc -o "Lab7.elf" @"objects.list"   -mcpu=cortex-m4 -T"C:\Users\179\Desktop\Repository\MICROCONTROLLER-APPLICATION-AND-DEVELOPMENT-2021\Lab\Lab7\STM32F429ZITX_FLASH.ld" --specs=nosys.specs -Wl,-Map="Lab7.map" -Wl,--gc-sections -static --specs=nano.specs -mfpu=fpv4-sp-d16 -mfloat-abi=hard -mthumb -Wl,--start-group -lc -lm -Wl,--end-group
Finished building target: Lab7.elf
 
arm-none-eabi-size   Lab7.elf 
arm-none-eabi-objdump -h -S  Lab7.elf  > "Lab7.list"
arm-none-eabi-objcopy  -O binary  Lab7.elf  "Lab7.bin"
   text	   data	    bss	    dec	    hex	filename
  14968	     20	   1724	  16712	   4148	Lab7.elf
Finished building: default.size.stdout
 
Finished building: Lab7.bin
 
Finished building: Lab7.list
 

01:43:37 Build Finished. 0 errors, 0 warnings. (took 869ms)

