main.c:65:6:displayNumber	120	static
main.c:99:5:main	8	static
main.c:155:6:SystemClock_Config	88	static
main.c:199:13:MX_CRC_Init	8	static
main.c:225:13:MX_DMA2D_Init	8	static
main.c:262:13:MX_I2C3_Init	8	static
main.c:308:13:MX_LTDC_Init	64	static
main.c:370:13:MX_SPI5_Init	8	static
main.c:408:13:MX_TIM1_Init	32	static
main.c:454:13:MX_TIM2_Init	32	static
main.c:499:13:MX_USART1_UART_Init	8	static
main.c:532:13:MX_USB_OTG_HS_HCD_Init	8	static
main.c:562:13:MX_FMC_Init	40	static
main.c:613:13:MX_GPIO_Init	64	static
main.c:705:6:HAL_TIM_PeriodElapsedCallback	16	static
main.c:722:6:Error_Handler	4	static,ignoring_inline_asm
