stm32f4xx_hal_msp.c:64:6:HAL_MspInit	16	static
stm32f4xx_hal_msp.c:86:6:HAL_CRC_MspInit	24	static
stm32f4xx_hal_msp.c:108:6:HAL_CRC_MspDeInit	16	static
stm32f4xx_hal_msp.c:130:6:HAL_DMA2D_MspInit	24	static
stm32f4xx_hal_msp.c:155:6:HAL_DMA2D_MspDeInit	16	static
stm32f4xx_hal_msp.c:180:6:HAL_I2C_MspInit	48	static
stm32f4xx_hal_msp.c:224:6:HAL_I2C_MspDeInit	16	static
stm32f4xx_hal_msp.c:255:6:HAL_LTDC_MspInit	112	static
stm32f4xx_hal_msp.c:381:6:HAL_LTDC_MspDeInit	16	static
stm32f4xx_hal_msp.c:445:6:HAL_SPI_MspInit	48	static
stm32f4xx_hal_msp.c:482:6:HAL_SPI_MspDeInit	16	static
stm32f4xx_hal_msp.c:512:6:HAL_TIM_Base_MspInit	24	static
stm32f4xx_hal_msp.c:551:6:HAL_TIM_Base_MspDeInit	16	static
stm32f4xx_hal_msp.c:590:6:HAL_UART_MspInit	48	static
stm32f4xx_hal_msp.c:626:6:HAL_UART_MspDeInit	16	static
stm32f4xx_hal_msp.c:655:6:HAL_HCD_MspInit	48	static
stm32f4xx_hal_msp.c:701:6:HAL_HCD_MspDeInit	16	static
stm32f4xx_hal_msp.c:730:13:HAL_FMC_MspInit	32	static
stm32f4xx_hal_msp.c:836:6:HAL_SDRAM_MspInit	16	static
stm32f4xx_hal_msp.c:848:13:HAL_FMC_MspDeInit	8	static
stm32f4xx_hal_msp.c:922:6:HAL_SDRAM_MspDeInit	16	static
