stm32f4xx_it.c:77:6:NMI_Handler	4	static
stm32f4xx_it.c:92:6:HardFault_Handler	4	static
stm32f4xx_it.c:107:6:MemManage_Handler	4	static
stm32f4xx_it.c:122:6:BusFault_Handler	4	static
stm32f4xx_it.c:137:6:UsageFault_Handler	4	static
stm32f4xx_it.c:152:6:SVC_Handler	4	static
stm32f4xx_it.c:165:6:DebugMon_Handler	4	static
stm32f4xx_it.c:178:6:PendSV_Handler	4	static
stm32f4xx_it.c:191:6:SysTick_Handler	4	static
stm32f4xx_it.c:212:6:TIM1_UP_TIM10_IRQHandler	8	static
stm32f4xx_it.c:226:6:TIM2_IRQHandler	120	static
stm32f4xx_it.c:242:6:TIM6_DAC_IRQHandler	8	static
stm32f4xx_it.c:256:6:OTG_HS_IRQHandler	8	static
stm32f4xx_it.c:270:6:LTDC_IRQHandler	8	static
stm32f4xx_it.c:284:6:DMA2D_IRQHandler	8	static
